{
  "chunks": [
    {
      "text": " Världsförklaring.",
      "timestamp": [
        0.0,
        6.0
      ]
    },
    {
      "text": " När jag kommer ut på trappan har jag solen i brösthöjd.",
      "timestamp": [
        11.0,
        18.0
      ]
    },
    {
      "text": " Nog är det en morgon i juli, men en morgon i juli är det inte.",
      "timestamp": [
        18.0,
        26.0
      ]
    },
    {
      "text": " Vintergatan har i natt passiv.",
      "timestamp": [
        26.0,
        30.0
      ]
    },
    {
      "text": " genom trädgården, försilvrat mina dillkronor och kvarlämnat en stjärna i varje dackkåpa.",
      "timestamp": [
        30.0,
        38.0
      ]
    },
    {
      "text": " Halleskomet har fastnat i en enbuske.",
      "timestamp": [
        38.0,
        42.0
      ]
    },
    {
      "text": " Jag stöder mig på vetenskapen när jag påstår.",
      "timestamp": [
        43.0,
        48.0
      ]
    },
    {
      "text": " Det är oförklarligt och oförklarligt i dess toftlösa, interstellära.",
      "timestamp": [
        48.0,
        56.0
      ]
    },
    {
      "text": " Sjunger en fågel som jag inte ser.",
      "timestamp": [
        56.0,
        60.0
      ]
    },
    {
      "text": " och vars namn jag inte känner.",
      "timestamp": [
        60.0,
        64.4
      ]
    },
    {
      "text": " Inte finns det himmelsdag, himmelsväggar.",
      "timestamp": [
        64.56,
        68.8
      ]
    },
    {
      "text": " Men himmelsdag, himmelsväggar finns det nog",
      "timestamp": [
        68.96,
        73.2
      ]
    },
    {
      "text": " som återskallar, återskänker.",
      "timestamp": [
        73.36,
        78.08
      ]
    },
    {
      "text": " Jag har sett detta ljus förr.",
      "timestamp": [
        78.24,
        82.24
      ]
    }
  ],
  "text": " Världsförklaring. När jag kommer ut på trappan har jag solen i brösthöjd. Nog är det en morgon i juli, men en morgon i juli är det inte. Vintergatan har i natt passiv. genom trädgården, försilvrat mina dillkronor och kvarlämnat en stjärna i varje dackkåpa. Halleskomet har fastnat i en enbuske. Jag stöder mig på vetenskapen när jag påstår. Det är oförklarligt och oförklarligt i dess toftlösa, interstellära. Sjunger en fågel som jag inte ser. och vars namn jag inte känner. Inte finns det himmelsdag, himmelsväggar. Men himmelsdag, himmelsväggar finns det nog som återskallar, återskänker. Jag har sett detta ljus förr."
}
